
> motion-system@0.9.17 desktop:build
> npm run build && node scripts/desktop/build.mjs


> motion-system@0.9.17 build
> tsc --noEmit && vite build

vite v7.3.6 building client environment for production...
transforming...
node_modules/zod/v4/core/util.js (400:0): A comment

"// Wrapped in a `@__PURE__` IIFE: esbuild never tree-shakes a top-level initializer that contains a member access on `Number`, so the bare object literal survived into every bundle."

in "node_modules/zod/v4/core/util.js" contains an annotation that Rollup cannot interpret due to the position of the comment. The comment will be removed to avoid issues.
node_modules/zod/v4/core/regexes.js (74:0): A comment

"/** Anchors a pattern source. The interpolation lives here rather than at the call site because
 * esbuild will not drop a `@__PURE__` call whose own argument interpolates a variable, but it
 * will drop `anchor(dateSource)`. Keeping it inline pinned `date` into every bundle. */"

in "node_modules/zod/v4/core/regexes.js" contains an annotation that Rollup cannot interpret due to the position of the comment. The comment will be removed to avoid issues.
✓ 425 modules transformed.
rendering chunks...
computing gzip size...
dist/index.html                            0.55 kB │ gzip:   0.33 kB
dist/assets/zip.worker-CXToe_8y.js         1.23 kB
dist/assets/index-ZcOobpUS.css            79.51 kB │ gzip:  14.53 kB
dist/assets/STLLoader-DVdFenU9.js          2.97 kB │ gzip:   1.44 kB
dist/assets/MTLLoader-DJGXqf8t.js          4.30 kB │ gzip:   1.73 kB
dist/assets/TDSLoader-DVTnnRpr.js          8.07 kB │ gzip:   2.68 kB
dist/assets/PLYLoader-C2_4yXqJ.js          8.49 kB │ gzip:   3.19 kB
dist/assets/OBJLoader-v13pTH4i.js          8.77 kB │ gzip:   2.94 kB
dist/assets/GLTFLoader-OrZ4Gy3R.js        45.77 kB │ gzip:  13.83 kB
dist/assets/FBXLoader-DSWd_r_9.js         50.80 kB │ gzip:  16.88 kB
dist/assets/ColladaLoader-DqBiYrU7.js     55.28 kB │ gzip:  14.98 kB
dist/assets/vendor-Dak8TS3w.js           113.73 kB │ gzip:  33.18 kB
dist/assets/video-export-B4Nhfqe8.js     224.26 kB │ gzip:  58.85 kB
dist/assets/index-D_Z7LS2Y.js          1,039.42 kB │ gzip: 324.34 kB

(!) Some chunks are larger than 500 kB after minification. Consider:
- Using dynamic import() to code-split the application
- Use build.rollupOptions.output.manualChunks to improve chunking: https://rollupjs.org/configuration-options/#output-manualchunks
- Adjust chunk size limit for this warning via build.chunkSizeWarningLimit.
✓ built in 5.62s
