
> motion-system@0.9.17 desktop:build
> npm run build && node scripts/desktop/build.mjs


> motion-system@0.9.17 build
> tsc --noEmit && vite build

vite v7.3.6 building client environment for production...
transforming...
node_modules/zod/v4/core/util.js (400:0): A comment

"// Wrapped in a `@__PURE__` IIFE: esbuild never tree-shakes a top-level initializer that contains a member access on `Number`, so the bare object literal survived into every bundle."

in "node_modules/zod/v4/core/util.js" contains an annotation that Rollup cannot interpret due to the position of the comment. The comment will be removed to avoid issues.
node_modules/zod/v4/core/regexes.js (74:0): A comment

"/** Anchors a pattern source. The interpolation lives here rather than at the call site because
 * esbuild will not drop a `@__PURE__` call whose own argument interpolates a variable, but it
 * will drop `anchor(dateSource)`. Keeping it inline pinned `date` into every bundle. */"

in "node_modules/zod/v4/core/regexes.js" contains an annotation that Rollup cannot interpret due to the position of the comment. The comment will be removed to avoid issues.
✓ 414 modules transformed.
rendering chunks...
computing gzip size...
dist/index.html                            0.55 kB │ gzip:   0.32 kB
dist/assets/zip.worker-CXToe_8y.js         1.23 kB
dist/assets/index-DEdrNDx7.css            78.87 kB │ gzip:  14.38 kB
dist/assets/STLLoader-D_2irlfO.js          2.97 kB │ gzip:   1.44 kB
dist/assets/MTLLoader-MAPqNEoh.js          4.30 kB │ gzip:   1.73 kB
dist/assets/TDSLoader-mL0VnIIZ.js          8.07 kB │ gzip:   2.68 kB
dist/assets/PLYLoader-CPL5ZGDX.js          8.49 kB │ gzip:   3.19 kB
dist/assets/OBJLoader-BbhBAUk3.js          8.77 kB │ gzip:   2.94 kB
dist/assets/GLTFLoader-9W4DESPM.js        45.77 kB │ gzip:  13.83 kB
dist/assets/FBXLoader-C5ExCu_O.js         50.80 kB │ gzip:  16.88 kB
dist/assets/ColladaLoader-ChxcPqQQ.js     55.28 kB │ gzip:  14.98 kB
dist/assets/vendor-CaW9oamn.js           111.34 kB │ gzip:  32.50 kB
dist/assets/video-export-CAhjj7-6.js     224.26 kB │ gzip:  58.85 kB
dist/assets/index-wX-mno8Q.js          1,004.85 kB │ gzip: 312.04 kB

(!) Some chunks are larger than 500 kB after minification. Consider:
- Using dynamic import() to code-split the application
- Use build.rollupOptions.output.manualChunks to improve chunking: https://rollupjs.org/configuration-options/#output-manualchunks
- Adjust chunk size limit for this warning via build.chunkSizeWarningLimit.
✓ built in 1.96s
