
> motion-system@0.9.17 desktop:build
> npm run build && node scripts/desktop/build.mjs


> motion-system@0.9.17 build
> tsc --noEmit && vite build

vite v7.3.6 building client environment for production...
transforming...
node_modules/zod/v4/core/util.js (400:0): A comment

"// Wrapped in a `@__PURE__` IIFE: esbuild never tree-shakes a top-level initializer that contains a member access on `Number`, so the bare object literal survived into every bundle."

in "node_modules/zod/v4/core/util.js" contains an annotation that Rollup cannot interpret due to the position of the comment. The comment will be removed to avoid issues.
node_modules/zod/v4/core/regexes.js (74:0): A comment

"/** Anchors a pattern source. The interpolation lives here rather than at the call site because
 * esbuild will not drop a `@__PURE__` call whose own argument interpolates a variable, but it
 * will drop `anchor(dateSource)`. Keeping it inline pinned `date` into every bundle. */"

in "node_modules/zod/v4/core/regexes.js" contains an annotation that Rollup cannot interpret due to the position of the comment. The comment will be removed to avoid issues.
✓ 412 modules transformed.
rendering chunks...
computing gzip size...
dist/index.html                          0.55 kB │ gzip:   0.32 kB
dist/assets/zip.worker-CXToe_8y.js       1.23 kB
dist/assets/index-DEdrNDx7.css          78.87 kB │ gzip:  14.38 kB
dist/assets/STLLoader-DqnAMwVh.js        2.97 kB │ gzip:   1.43 kB
dist/assets/MTLLoader-Comy2HoX.js        4.30 kB │ gzip:   1.72 kB
dist/assets/TDSLoader-jZlO4TTz.js        8.07 kB │ gzip:   2.68 kB
dist/assets/PLYLoader-DfV5giYx.js        8.49 kB │ gzip:   3.19 kB
dist/assets/OBJLoader-BBJou_sq.js        8.77 kB │ gzip:   2.94 kB
dist/assets/GLTFLoader-DI2Ai0V5.js      45.77 kB │ gzip:  13.83 kB
dist/assets/FBXLoader-B3xL4cK0.js       50.80 kB │ gzip:  16.88 kB
dist/assets/ColladaLoader-E1IHcsp6.js   55.28 kB │ gzip:  14.98 kB
dist/assets/vendor-CaW9oamn.js         111.34 kB │ gzip:  32.50 kB
dist/assets/video-export-ChfU_SYG.js   224.26 kB │ gzip:  58.85 kB
dist/assets/index-BecU6wbu.js          997.88 kB │ gzip: 309.86 kB

(!) Some chunks are larger than 500 kB after minification. Consider:
- Using dynamic import() to code-split the application
- Use build.rollupOptions.output.manualChunks to improve chunking: https://rollupjs.org/configuration-options/#output-manualchunks
- Adjust chunk size limit for this warning via build.chunkSizeWarningLimit.
✓ built in 6.35s
